# serializer version: 1
# name: test_export
  '''
  test_export0/
  ├── _attachments/
  │   ├── 2025-04-18_sample-invoice_1.pdf
  │   ├── 2025-04-18_wordpress-pdf-invoice-plugin-sample_2.pdf
  │   └── 2025-04-24_sample-invoice_3.pdf
  ├── sample-invoice (3).md
  ├── sample-invoice.md
  └── wordpress-pdf-invoice-plugin-sample.md
  
  '''
# ---
